Initial state {
  "MatchScore": {
    "FirstPlayer": 0,
    "SecondPlayer": 0
  },
  "Sets": null,
  "GameScore": {
    "FirstPlayer": 0,
    "SecondPlayer": 0
  },
  "GameStratedAt": "0001-01-01T00:00:00",
  "PlayerOnLeft": "First",
  "PlayerServes": "First",
  "ServePosition": "Right",
  "SecondServe": false,
  "MatchStartedAt": "0001-01-01T00:00:00",
  "MatchSettings": null,
  "FirstPlayer": null,
  "SecondPlayer": null,
  "State": "NotStarted"
}

Event StartEvent {
  "Settings": {
    "SetsForWin": 3,
    "TiebreakFinal": false,
    "GamesInSet": 6,
    "PointsInGame": 4,
    "PointsInTiebreak": 7
  },
  "FirstPlayer": "Oleynikov",
  "SecondPlayer": "Nadal",
  "OccuredAt": "1986-09-26T00:00:00"
}
State {
  "MatchStartedAt": "0001-01-01T00:00:00" -> "1986-09-26T00:00:00",
  "MatchSettings": null -> {
  "SetsForWin": 3,
  "TiebreakFinal": false,
  "GamesInSet": 6,
  "PointsInGame": 4,
  "PointsInTiebreak": 7
},
  "FirstPlayer": null -> "Oleynikov",
  "SecondPlayer": null -> "Nadal",
  "State": "NotStarted" -> "Drawing",
}

Event DrawEvent {
  "PlayerOnLeft": "First",
  "PlayerServes": "Second",
  "OccuredAt": "1986-09-26T00:01:00"
}
State {
  "Sets": null -> [
  {
    "Score": {
      "FirstPlayer": 0,
      "SecondPlayer": 0
    },
    "TiebreakScore": {
      "FirstPlayer": 0,
      "SecondPlayer": 0
    }
  }
],
  "GameStratedAt": "0001-01-01T00:00:00" -> "1986-09-26T00:01:00",
  "PlayerServes": "First" -> "Second",
  "State": "Drawing" -> "BeginningGame",
}

Event StartGameEvent {
  "OccuredAt": "1986-09-26T00:02:00"
}
State {
  "GameStratedAt": "1986-09-26T00:01:00" -> "1986-09-26T00:02:00",
  "State": "BeginningGame" -> "PlayingGame",
}

Event PointEvent {
  "PlayerPoint": "Second",
  "Kind": "Unspecified",
  "ServeSpeed": "Unspecified",
  "OccuredAt": "1986-09-26T00:03:00"
}
State {
  "GameScore": {
    "SecondPlayer": 0 -> 1,
},
  "ServePosition": "Right" -> "Left",
}

Event PointEvent {
  "PlayerPoint": "Second",
  "Kind": "Ace",
  "ServeSpeed": "Slow",
  "OccuredAt": "1986-09-26T00:04:00"
}
State {
  "GameScore": {
    "SecondPlayer": 1 -> 2,
},
  "ServePosition": "Left" -> "Right",
}

Event PointEvent {
  "PlayerPoint": "Second",
  "Kind": "Forehand",
  "ServeSpeed": "Medium",
  "OccuredAt": "1986-09-26T00:05:00"
}
State {
  "GameScore": {
    "SecondPlayer": 2 -> 3,
},
  "ServePosition": "Right" -> "Left",
}

Event PointEvent {
  "PlayerPoint": "Second",
  "Kind": "Backhand",
  "ServeSpeed": "Fast",
  "OccuredAt": "1986-09-26T00:06:00"
}
State {
  "Sets": [
  {
    "Score": {
      "FirstPlayer": 0,
      "SecondPlayer": 0
    },
    "TiebreakScore": {
      "FirstPlayer": 0,
      "SecondPlayer": 0
    }
  }
] -> [
  {
    "Score": {
      "FirstPlayer": 0,
      "SecondPlayer": 1
    },
    "TiebreakScore": {
      "FirstPlayer": 0,
      "SecondPlayer": 0
    }
  }
],
  "GameScore": {
    "SecondPlayer": 3 -> 0,
},
  "PlayerServes": "Second" -> "First",
  "ServePosition": "Left" -> "Right",
  "State": "PlayingGame" -> "ChangingSides",
}

Event ChangeSidesGameEvent {
  "OccuredAt": "1986-09-26T00:07:00"
}
State {
  "PlayerOnLeft": "First" -> "Second",
  "State": "ChangingSides" -> "BeginningGame",
}

Event StartGameEvent {
  "OccuredAt": "1986-09-26T00:08:00"
}
State {
  "GameStratedAt": "1986-09-26T00:02:00" -> "1986-09-26T00:08:00",
  "State": "BeginningGame" -> "PlayingGame",
}

Event PointEvent {
  "PlayerPoint": "Second",
  "Kind": "NetPoint",
  "ServeSpeed": "Unspecified",
  "OccuredAt": "1986-09-26T00:09:00"
}
State {
  "GameScore": {
    "SecondPlayer": 0 -> 1,
},
  "ServePosition": "Right" -> "Left",
}

Event PointEvent {
  "PlayerPoint": "Second",
  "Kind": "Error",
  "ServeSpeed": "Slow",
  "OccuredAt": "1986-09-26T00:10:00"
}
State {
  "GameScore": {
    "SecondPlayer": 1 -> 2,
},
  "ServePosition": "Left" -> "Right",
}

Event PointEvent {
  "PlayerPoint": "Second",
  "Kind": "UnforcedError",
  "ServeSpeed": "Medium",
  "OccuredAt": "1986-09-26T00:11:00"
}
State {
  "GameScore": {
    "SecondPlayer": 2 -> 3,
},
  "ServePosition": "Right" -> "Left",
}

Event PointEvent {
  "PlayerPoint": "Second",
  "Kind": "Unspecified",
  "ServeSpeed": "Fast",
  "OccuredAt": "1986-09-26T00:12:00"
}
State {
  "Sets": [
  {
    "Score": {
      "FirstPlayer": 0,
      "SecondPlayer": 1
    },
    "TiebreakScore": {
      "FirstPlayer": 0,
      "SecondPlayer": 0
    }
  }
] -> [
  {
    "Score": {
      "FirstPlayer": 0,
      "SecondPlayer": 2
    },
    "TiebreakScore": {
      "FirstPlayer": 0,
      "SecondPlayer": 0
    }
  }
],
  "GameScore": {
    "SecondPlayer": 3 -> 0,
},
  "PlayerServes": "First" -> "Second",
  "ServePosition": "Left" -> "Right",
  "State": "PlayingGame" -> "BeginningGame",
}

Event StartGameEvent {
  "OccuredAt": "1986-09-26T00:13:00"
}
State {
  "GameStratedAt": "1986-09-26T00:08:00" -> "1986-09-26T00:13:00",
  "State": "BeginningGame" -> "PlayingGame",
}

Event PointEvent {
  "PlayerPoint": "Second",
  "Kind": "Ace",
  "ServeSpeed": "Unspecified",
  "OccuredAt": "1986-09-26T00:14:00"
}
State {
  "GameScore": {
    "SecondPlayer": 0 -> 1,
},
  "ServePosition": "Right" -> "Left",
}

Event PointEvent {
  "PlayerPoint": "Second",
  "Kind": "Forehand",
  "ServeSpeed": "Slow",
  "OccuredAt": "1986-09-26T00:15:00"
}
State {
  "GameScore": {
    "SecondPlayer": 1 -> 2,
},
  "ServePosition": "Left" -> "Right",
}

Event PointEvent {
  "PlayerPoint": "Second",
  "Kind": "Backhand",
  "ServeSpeed": "Medium",
  "OccuredAt": "1986-09-26T00:16:00"
}
State {
  "GameScore": {
    "SecondPlayer": 2 -> 3,
},
  "ServePosition": "Right" -> "Left",
}

Event PointEvent {
  "PlayerPoint": "Second",
  "Kind": "NetPoint",
  "ServeSpeed": "Fast",
  "OccuredAt": "1986-09-26T00:17:00"
}
State {
  "Sets": [
  {
    "Score": {
      "FirstPlayer": 0,
      "SecondPlayer": 2
    },
    "TiebreakScore": {
      "FirstPlayer": 0,
      "SecondPlayer": 0
    }
  }
] -> [
  {
    "Score": {
      "FirstPlayer": 0,
      "SecondPlayer": 3
    },
    "TiebreakScore": {
      "FirstPlayer": 0,
      "SecondPlayer": 0
    }
  }
],
  "GameScore": {
    "SecondPlayer": 3 -> 0,
},
  "PlayerServes": "Second" -> "First",
  "ServePosition": "Left" -> "Right",
  "State": "PlayingGame" -> "ChangingSides",
}

Event ChangeSidesGameEvent {
  "OccuredAt": "1986-09-26T00:18:00"
}
State {
  "PlayerOnLeft": "Second" -> "First",
  "State": "ChangingSides" -> "BeginningGame",
}

Event StartGameEvent {
  "OccuredAt": "1986-09-26T00:19:00"
}
State {
  "GameStratedAt": "1986-09-26T00:13:00" -> "1986-09-26T00:19:00",
  "State": "BeginningGame" -> "PlayingGame",
}

Event PointEvent {
  "PlayerPoint": "Second",
  "Kind": "Error",
  "ServeSpeed": "Unspecified",
  "OccuredAt": "1986-09-26T00:20:00"
}
State {
  "GameScore": {
    "SecondPlayer": 0 -> 1,
},
  "ServePosition": "Right" -> "Left",
}

Event PointEvent {
  "PlayerPoint": "Second",
  "Kind": "UnforcedError",
  "ServeSpeed": "Slow",
  "OccuredAt": "1986-09-26T00:21:00"
}
State {
  "GameScore": {
    "SecondPlayer": 1 -> 2,
},
  "ServePosition": "Left" -> "Right",
}

Event PointEvent {
  "PlayerPoint": "Second",
  "Kind": "Unspecified",
  "ServeSpeed": "Medium",
  "OccuredAt": "1986-09-26T00:22:00"
}
State {
  "GameScore": {
    "SecondPlayer": 2 -> 3,
},
  "ServePosition": "Right" -> "Left",
}

Event PointEvent {
  "PlayerPoint": "Second",
  "Kind": "Ace",
  "ServeSpeed": "Fast",
  "OccuredAt": "1986-09-26T00:23:00"
}
State {
  "Sets": [
  {
    "Score": {
      "FirstPlayer": 0,
      "SecondPlayer": 3
    },
    "TiebreakScore": {
      "FirstPlayer": 0,
      "SecondPlayer": 0
    }
  }
] -> [
  {
    "Score": {
      "FirstPlayer": 0,
      "SecondPlayer": 4
    },
    "TiebreakScore": {
      "FirstPlayer": 0,
      "SecondPlayer": 0
    }
  }
],
  "GameScore": {
    "SecondPlayer": 3 -> 0,
},
  "PlayerServes": "First" -> "Second",
  "ServePosition": "Left" -> "Right",
  "State": "PlayingGame" -> "BeginningGame",
}

Event StartGameEvent {
  "OccuredAt": "1986-09-26T00:24:00"
}
State {
  "GameStratedAt": "1986-09-26T00:19:00" -> "1986-09-26T00:24:00",
  "State": "BeginningGame" -> "PlayingGame",
}

Event PointEvent {
  "PlayerPoint": "Second",
  "Kind": "Forehand",
  "ServeSpeed": "Unspecified",
  "OccuredAt": "1986-09-26T00:25:00"
}
State {
  "GameScore": {
    "SecondPlayer": 0 -> 1,
},
  "ServePosition": "Right" -> "Left",
}

Event PointEvent {
  "PlayerPoint": "Second",
  "Kind": "Backhand",
  "ServeSpeed": "Slow",
  "OccuredAt": "1986-09-26T00:26:00"
}
State {
  "GameScore": {
    "SecondPlayer": 1 -> 2,
},
  "ServePosition": "Left" -> "Right",
}

Event PointEvent {
  "PlayerPoint": "Second",
  "Kind": "NetPoint",
  "ServeSpeed": "Medium",
  "OccuredAt": "1986-09-26T00:27:00"
}
State {
  "GameScore": {
    "SecondPlayer": 2 -> 3,
},
  "ServePosition": "Right" -> "Left",
}

Event PointEvent {
  "PlayerPoint": "Second",
  "Kind": "Error",
  "ServeSpeed": "Fast",
  "OccuredAt": "1986-09-26T00:28:00"
}
State {
  "Sets": [
  {
    "Score": {
      "FirstPlayer": 0,
      "SecondPlayer": 4
    },
    "TiebreakScore": {
      "FirstPlayer": 0,
      "SecondPlayer": 0
    }
  }
] -> [
  {
    "Score": {
      "FirstPlayer": 0,
      "SecondPlayer": 5
    },
    "TiebreakScore": {
      "FirstPlayer": 0,
      "SecondPlayer": 0
    }
  }
],
  "GameScore": {
    "SecondPlayer": 3 -> 0,
},
  "PlayerServes": "Second" -> "First",
  "ServePosition": "Left" -> "Right",
  "State": "PlayingGame" -> "ChangingSides",
}

Event ChangeSidesGameEvent {
  "OccuredAt": "1986-09-26T00:29:00"
}
State {
  "PlayerOnLeft": "First" -> "Second",
  "State": "ChangingSides" -> "BeginningGame",
}

Event StartGameEvent {
  "OccuredAt": "1986-09-26T00:30:00"
}
State {
  "GameStratedAt": "1986-09-26T00:24:00" -> "1986-09-26T00:30:00",
  "State": "BeginningGame" -> "PlayingGame",
}

Event PointEvent {
  "PlayerPoint": "Second",
  "Kind": "UnforcedError",
  "ServeSpeed": "Unspecified",
  "OccuredAt": "1986-09-26T00:31:00"
}
State {
  "GameScore": {
    "SecondPlayer": 0 -> 1,
},
  "ServePosition": "Right" -> "Left",
}
